// Jest Snapshot v1, https://goo.gl/fbAQLP

exports[`ModuleSearch Popup matches snapshot 1`] = `
<Popup
  addStep={[MockFunction]}
  index={2}
  isLessonHighlight={false}
  modules={
    Array [
      Object {
        "category": "Analyze",
        "description": "Text description",
        "icon": "filter",
        "idName": "filter",
        "isLessonHighlight": false,
        "name": "Filter by Text",
        "uses_data": true,
      },
      Object {
        "category": "Add data",
        "description": "Enigma description",
        "icon": "url",
        "idName": "enigma",
        "isLessonHighlight": true,
        "name": "Load from Enigma",
        "uses_data": true,
      },
    ]
  }
  onClose={[MockFunction]}
  onUpdate={[MockFunction]}
  tabSlug="tab-1"
>
  <div
    className="module-search-popup"
  >
    <Prompt
      cancel={[MockFunction]}
      onChange={[Function]}
      value=""
    >
      <form
        className="module-search-field"
        onReset={[MockFunction]}
        onSubmit={[Function]}
      >
        <input
          autoComplete="off"
          name="moduleQ"
          onChange={[Function]}
          onKeyDown={[Function]}
          placeholder="Search…"
          type="search"
          value=""
        />
        <button
          className="reset"
          title="Close Search"
          type="reset"
        >
          <i
            className="icon-close"
          />
        </button>
      </form>
    </Prompt>
    <SearchResults
      modules={
        Array [
          Object {
            "category": "Analyze",
            "description": "Text description",
            "icon": "filter",
            "idName": "filter",
            "isLessonHighlight": false,
            "name": "Filter by Text",
            "uses_data": true,
          },
          Object {
            "category": "Add data",
            "description": "Enigma description",
            "icon": "url",
            "idName": "enigma",
            "isLessonHighlight": true,
            "name": "Load from Enigma",
            "uses_data": true,
          },
        ]
      }
      onClickModule={[Function]}
      search=""
    >
      <ul
        className="module-search-result-groups"
      >
        <SearchResultGroup
          activeModule={null}
          key="Add data"
          modules={
            Array [
              Object {
                "category": "Add data",
                "description": "Enigma description",
                "icon": "url",
                "idName": "enigma",
                "isLessonHighlight": true,
                "name": "Load from Enigma",
                "uses_data": true,
              },
            ]
          }
          name="Add data"
          onClickModule={[Function]}
          onMouseEnterModule={[Function]}
        >
          <li
            className="module-search-result-group"
            data-name="Add data"
          >
            <h4>
              <ModuleCategoryName
                category="Add data"
              >
                <Trans
                  components={Object {}}
                  id="js.util.ModuleCategoryName.CategoryNames.AddData"
                  message="Add data"
                  values={Object {}}
                >
                  Add data
                </Trans>
              </ModuleCategoryName>
            </h4>
            <ul
              className="module-search-results"
            >
              <SearchResult
                category="Add data"
                description="Enigma description"
                icon="url"
                idName="enigma"
                isActive={false}
                isLessonHighlight={true}
                key="Load from Enigma"
                name="Load from Enigma"
                onClick={[Function]}
                onMouseEnter={[Function]}
                uses_data={true}
              >
                <Manager>
                  <li>
                    <Reference>
                      <button
                        className="module-search-result lesson-highlight"
                        data-module-name="Load from Enigma"
                        data-module-slug="enigma"
                        id="module-search-result-enigma"
                        onClick={[Function]}
                        onMouseEnter={[Function]}
                      >
                        <i
                          className="icon-url"
                        />
                        <span
                          className="name"
                        >
                          Load from Enigma
                        </span>
                      </button>
                    </Reference>
                  </li>
                </Manager>
              </SearchResult>
            </ul>
          </li>
        </SearchResultGroup>
        <SearchResultGroup
          activeModule={null}
          key="Analyze"
          modules={
            Array [
              Object {
                "category": "Analyze",
                "description": "Text description",
                "icon": "filter",
                "idName": "filter",
                "isLessonHighlight": false,
                "name": "Filter by Text",
                "uses_data": true,
              },
            ]
          }
          name="Analyze"
          onClickModule={[Function]}
          onMouseEnterModule={[Function]}
        >
          <li
            className="module-search-result-group"
            data-name="Analyze"
          >
            <h4>
              <ModuleCategoryName
                category="Analyze"
              >
                <Trans
                  components={Object {}}
                  id="js.util.ModuleCategoryName.CategoryNames.Analyze"
                  message="Analyze"
                  values={Object {}}
                >
                  Analyze
                </Trans>
              </ModuleCategoryName>
            </h4>
            <ul
              className="module-search-results"
            >
              <SearchResult
                category="Analyze"
                description="Text description"
                icon="filter"
                idName="filter"
                isActive={false}
                isLessonHighlight={false}
                key="Filter by Text"
                name="Filter by Text"
                onClick={[Function]}
                onMouseEnter={[Function]}
                uses_data={true}
              >
                <Manager>
                  <li>
                    <Reference>
                      <button
                        className="module-search-result"
                        data-module-name="Filter by Text"
                        data-module-slug="filter"
                        id="module-search-result-filter"
                        onClick={[Function]}
                        onMouseEnter={[Function]}
                      >
                        <i
                          className="icon-filter"
                        />
                        <span
                          className="name"
                        >
                          Filter by Text
                        </span>
                      </button>
                    </Reference>
                  </li>
                </Manager>
              </SearchResult>
            </ul>
          </li>
        </SearchResultGroup>
      </ul>
    </SearchResults>
  </div>
</Popup>
`;
