// Jest Snapshot v1, https://goo.gl/fbAQLP

exports[`DataVersionModal matches snapshot 1`] = `
<DataVersionModal
  fetchVersions={
    Array [
      Object {
        "date": 1970-01-03T17:09:27.890Z,
        "id": "2000",
        "isSeen": false,
      },
      Object {
        "date": 1970-01-02T10:17:36.789Z,
        "id": "1000",
        "isSeen": true,
      },
    ]
  }
  fetchWfModuleId={123}
  fetchWfModuleName="fetch"
  isAnonymous={false}
  notificationsEnabled={false}
  onChangeFetchVersionId={[MockFunction]}
  onChangeNotificationsEnabled={[MockFunction]}
  onClose={[MockFunction]}
  selectedFetchVersionId="1000"
  wfModuleId={124}
>
  <Modal
    className="data-versions-modal"
    fade={false}
    isOpen={true}
    toggle={[MockFunction]}
  >
    <OpenModal
      className="data-versions-modal"
      fade={false}
      toggle={[MockFunction]}
    >
      <Portal
        containerInfo={
          <body
            class="modal-open"
          >
            <div
              class="modal-backdrop"
            />
            <div
              class="modal data-versions-modal"
              role="dialog"
              tabindex="-1"
            >
              <div
                class="modal-dialog"
                role="document"
              >
                <div
                  class="modal-content"
                >
                  <div
                    class="modal-header"
                  >
                    <h5
                      class="modal-title"
                    >
                      Data Versions
                    </h5>
                    <button
                      aria-label="Close"
                      class="close"
                      type="button"
                    >
                      <span
                        aria-hidden="true"
                      >
                        ×
                      </span>
                    </button>
                  </div>
                  <div
                    class="modal-body"
                  >
                    <form>
                      <ol>
                        <li>
                          <label
                            class="unseen"
                          >
                            <input
                              name="data-version"
                              type="radio"
                              value="2000"
                            />
                            <time
                              time="1970-01-03T17:09:27.890Z"
                            >
                              Jan. 3, 1970 – 5:09 p.m.
                            </time>
                          </label>
                        </li>
                        <li>
                          <label
                            class="seen selected"
                          >
                            <input
                              checked=""
                              name="data-version"
                              type="radio"
                              value="1000"
                            />
                            <time
                              time="1970-01-02T10:17:36.789Z"
                            >
                              Jan. 2, 1970 – 10:17 a.m.
                            </time>
                          </label>
                        </li>
                      </ol>
                    </form>
                  </div>
                  <div
                    class="modal-footer"
                  >
                    <form
                      class="notifications notifications-disabled"
                    >
                      <div
                        class="text"
                      >
                        <p
                          class="status"
                        >
                          <i
                            class="icon icon-no-notification"
                          />
                          js.WorkflowEditor.DataVersionModal.NotificationsForm.status.alertsOff
                        </p>
                        <p
                          class="description"
                        >
                          js.WorkflowEditor.DataVersionModal.NotificationsForm.description.turnAlertsOn
                        </p>
                      </div>
                      <div
                        class="options"
                      >
                        <label>
                          <input
                            name="notifications-enabled"
                            type="checkbox"
                          />
                          <span
                            class="action"
                          >
                            js.WorkflowEditor.DataVersionModal.NotificationsForm.options.turnOn
                          </span>
                        </label>
                      </div>
                    </form>
                    <div
                      class="actions"
                    >
                      <button
                        disabled=""
                        name="load"
                      >
                        Load
                      </button>
                    </div>
                  </div>
                </div>
              </div>
            </div>
          </body>
        }
      >
        <div
          className="modal-backdrop"
        />
        <div
          className="modal data-versions-modal"
          onKeyDown={[Function]}
          onMouseDown={[Function]}
          role="dialog"
          tabIndex="-1"
        >
          <div
            className="modal-dialog"
            role="document"
          >
            <div
              className="modal-content"
            >
              <ModalHeader
                toggle={[MockFunction]}
              >
                <div
                  className="modal-header"
                >
                  <h5
                    className="modal-title"
                  >
                    Data Versions
                  </h5>
                  <button
                    aria-label="Close"
                    className="close"
                    onClick={[MockFunction]}
                    type="button"
                  >
                    <span
                      aria-hidden="true"
                    >
                      ×
                    </span>
                  </button>
                </div>
              </ModalHeader>
              <ModalBody>
                <div
                  className="modal-body"
                >
                  <form
                    onCancel={[MockFunction]}
                    onSubmit={[Function]}
                  >
                    <ol>
                      <li
                        key="2000"
                      >
                        <FetchVersion
                          date={1970-01-03T17:09:27.890Z}
                          id="2000"
                          isSeen={false}
                          isSelected={false}
                          onSelect={[Function]}
                        >
                          <label
                            className="unseen"
                          >
                            <input
                              checked={false}
                              name="data-version"
                              onChange={[Function]}
                              type="radio"
                              value="2000"
                            />
                            <time
                              time="1970-01-03T17:09:27.890Z"
                            >
                              Jan. 3, 1970 – 5:09 p.m.
                            </time>
                          </label>
                        </FetchVersion>
                      </li>
                      <li
                        key="1000"
                      >
                        <FetchVersion
                          date={1970-01-02T10:17:36.789Z}
                          id="1000"
                          isSeen={true}
                          isSelected={true}
                          onSelect={[Function]}
                        >
                          <label
                            className="seen selected"
                          >
                            <input
                              checked={true}
                              name="data-version"
                              onChange={[Function]}
                              type="radio"
                              value="1000"
                            />
                            <time
                              time="1970-01-02T10:17:36.789Z"
                            >
                              Jan. 2, 1970 – 10:17 a.m.
                            </time>
                          </label>
                        </FetchVersion>
                      </li>
                    </ol>
                  </form>
                </div>
              </ModalBody>
              <ModalFooter>
                <div
                  className="modal-footer"
                >
                  <NotificationsForm
                    notificationsEnabled={false}
                    onSubmit={[Function]}
                  >
                    <form
                      className="notifications notifications-disabled"
                      onSubmit={[Function]}
                    >
                      <div
                        className="text"
                      >
                        <p
                          className="status"
                        >
                          <i
                            className="icon icon-no-notification"
                          />
                          <WithI18n
                            components={
                              Array [
                                <strong />,
                              ]
                            }
                            defaults="Alerts are <0>off</0>"
                            description="The tag adds emphasis"
                            id="js.WorkflowEditor.DataVersionModal.NotificationsForm.status.alertsOff"
                          >
                            <I18n
                              update={true}
                              withHash={true}
                            >
                              <Trans
                                components={
                                  Array [
                                    <strong />,
                                  ]
                                }
                                defaults="Alerts are <0>off</0>"
                                description="The tag adds emphasis"
                                id="js.WorkflowEditor.DataVersionModal.NotificationsForm.status.alertsOff"
                              >
                                <Render
                                  value="js.WorkflowEditor.DataVersionModal.NotificationsForm.status.alertsOff"
                                >
                                  js.WorkflowEditor.DataVersionModal.NotificationsForm.status.alertsOff
                                </Render>
                              </Trans>
                            </I18n>
                          </WithI18n>
                        </p>
                        <p
                          className="description"
                        >
                          <WithI18n
                            defaults="Turn alerts ON to receive an email if the output of this module changes"
                            id="js.WorkflowEditor.DataVersionModal.NotificationsForm.description.turnAlertsOn"
                          >
                            <I18n
                              update={true}
                              withHash={true}
                            >
                              <Trans
                                defaults="Turn alerts ON to receive an email if the output of this module changes"
                                id="js.WorkflowEditor.DataVersionModal.NotificationsForm.description.turnAlertsOn"
                              >
                                <Render
                                  value="js.WorkflowEditor.DataVersionModal.NotificationsForm.description.turnAlertsOn"
                                >
                                  js.WorkflowEditor.DataVersionModal.NotificationsForm.description.turnAlertsOn
                                </Render>
                              </Trans>
                            </I18n>
                          </WithI18n>
                        </p>
                      </div>
                      <div
                        className="options"
                      >
                        <label>
                          <input
                            checked={false}
                            name="notifications-enabled"
                            onChange={[Function]}
                            type="checkbox"
                          />
                          <span
                            className="action"
                          >
                            <WithI18n
                              defaults="Turn on"
                              id="js.WorkflowEditor.DataVersionModal.NotificationsForm.options.turnOn"
                            >
                              <I18n
                                update={true}
                                withHash={true}
                              >
                                <Trans
                                  defaults="Turn on"
                                  id="js.WorkflowEditor.DataVersionModal.NotificationsForm.options.turnOn"
                                >
                                  <Render
                                    value="js.WorkflowEditor.DataVersionModal.NotificationsForm.options.turnOn"
                                  >
                                    js.WorkflowEditor.DataVersionModal.NotificationsForm.options.turnOn
                                  </Render>
                                </Trans>
                              </I18n>
                            </WithI18n>
                          </span>
                        </label>
                      </div>
                    </form>
                  </NotificationsForm>
                  <div
                    className="actions"
                  >
                    <button
                      disabled={true}
                      name="load"
                      onClick={[Function]}
                    >
                      Load
                    </button>
                  </div>
                </div>
              </ModalFooter>
            </div>
          </div>
        </div>
      </Portal>
    </OpenModal>
  </Modal>
</DataVersionModal>
`;
