// Jest Snapshot v1, https://goo.gl/fbAQLP

exports[`OAuth matches snapshot 1`] = `
<OAuth
  deleteSecret={[MockFunction]}
  name="x"
  secretLogic={
    Object {
      "service": "google",
    }
  }
  secretMetadata={
    Object {
      "name": "a secret",
    }
  }
  startCreateSecret={[MockFunction]}
>
  <div
    className="oauth-connect-parameter"
  >
    <p
      className="secret-name"
    >
      a secret
    </p>
    <button
      className="disconnect"
      onClick={[Function]}
      type="button"
    >
      <WithI18n
        defaults="Sign out"
        id="js.params.Secret.OAuth.signOut.button"
      >
        <I18n
          update={true}
          withHash={true}
        >
          <Trans
            defaults="Sign out"
            id="js.params.Secret.OAuth.signOut.button"
          >
            <Render
              value="js.params.Secret.OAuth.signOut.button"
            >
              js.params.Secret.OAuth.signOut.button
            </Render>
          </Trans>
        </I18n>
      </WithI18n>
    </button>
  </div>
</OAuth>
`;
