// Jest Snapshot v1, https://goo.gl/fbAQLP

exports[`UpdateFrequencySelect shallow matches snapshot 1`] = `
<UpdateFrequencySelect
  fetchInterval={300}
  isAnonymous={false}
  isAutofetch={false}
  isEmailUpdates={false}
  isReadOnly={false}
  lastCheckDate={2018-05-28T19:00:54.154Z}
  setEmailUpdates={[MockFunction]}
  stepId={212}
  trySetAutofetch={[MockFunction]}
  workflowId={123}
>
  <div
    className="update-frequency-select"
  >
    <div
      className="update-option"
    >
      <span
        className="version-box-option"
      >
        <Trans
          components={Object {}}
          id="js.params.Custom.VersionSelect.UpdateFrequencySelect.update"
          message="Update"
          values={Object {}}
        >
          Update
        </Trans>
         
      </span>
      <a
        className="content-1 ml-1 action-link"
        href="#"
        onClick={[Function]}
        title="change auto-update settings"
      >
        <Trans
          comment="Appears just after 'js.params.Custom.VersionSelect.UpdateFrequencySelect.update'"
          components={Object {}}
          id="js.params.Custom.VersionSelect.UpdateFrequencySelect.manual"
          message="Manual"
          values={Object {}}
        >
          Manual
        </Trans>
      </a>
    </div>
    <div
      className="last-checked"
    >
      <Trans
        comment="The parameter is a time difference (i.e. something like '4h ago'. The tag is a <time> tag."
        components={
          Object {
            "0": <time
              dateTime="2018-05-28T19:00:54.154Z"
            />,
          }
        }
        id="js.params.Custom.VersionSelect.UpdateFrequencySelect.lastChecked"
        message="Checked <0>{0}</0>"
        values={
          Object {
            "0": "12m ago",
          }
        }
      >
        Checked 
        <time
          dateTime="2018-05-28T19:00:54.154Z"
          key="$lingui$_0"
        >
          12m ago
        </time>
      </Trans>
    </div>
  </div>
</UpdateFrequencySelect>
`;
