// Jest Snapshot v1, https://goo.gl/fbAQLP

exports[`UpdateFrequencySelectModal should match snapshot 1`] = `
<UpdateFrequencySelectModal
  isAutoUpdate={false}
  isEmailUpdates={false}
  onCancel={[MockFunction]}
  onSubmit={[MockFunction]}
  timeNumber={1}
  timeUnit="days"
>
  <Modal
    className="update-frequency-modal"
    isOpen={true}
    toggle={[MockFunction]}
  >
    <OpenModal
      className="update-frequency-modal"
      toggle={[MockFunction]}
    >
      <Portal
        containerInfo={
          <body
            class="modal-open"
          >
            <div
              class="modal-backdrop"
            />
            <div
              class="modal update-frequency-modal"
              role="dialog"
              tabindex="-1"
            >
              <div
                class="modal-dialog"
                role="document"
              >
                <div
                  class="modal-content"
                >
                  <div
                    class="modal-header"
                  >
                    <h5
                      class="modal-title"
                    >
                      WORKFLOW UPDATE
                    </h5>
                    <button
                      aria-label="Close"
                      class="close"
                      type="button"
                    >
                      <span
                        aria-hidden="true"
                      >
                        ×
                      </span>
                    </button>
                  </div>
                  <div
                    class="modal-body"
                  >
                    <form
                      action="#"
                      id="updateFrequencySelectModalForm"
                      method="post"
                    >
                      <div
                        class="big-radio big-radio-auto-update-true big-radio-unchecked"
                      >
                        <label>
                          <input
                            name="isAutoUpdate"
                            type="radio"
                            value="true"
                          />
                          <div
                            class="radio"
                          >
                            Auto
                          </div>
                        </label>
                        <div
                          class="big-radio-details"
                        >
                          <p>
                            Automatically update this workflow with the newest data (old versions will be saved).
                          </p>
                          <div
                            class="form-group frequency"
                          >
                            <label
                              for="updateFrequencySelectTimeNumber"
                            >
                              Check for update every
                            </label>
                            <div
                              class="input-group"
                            >
                              <div
                                class="input-group-prepend"
                              >
                                <input
                                  class="form-control"
                                  disabled=""
                                  id="updateFrequencySelectTimeNumber"
                                  max="60"
                                  min="1"
                                  name="timeNumber"
                                  type="number"
                                  value="1"
                                />
                              </div>
                              <select
                                class="custom-select"
                                disabled=""
                                name="timeUnit"
                              >
                                <option
                                  value="minutes"
                                >
                                  minutes
                                </option>
                                <option
                                  value="hours"
                                >
                                  hours
                                </option>
                                <option
                                  value="days"
                                >
                                  days
                                </option>
                                <option
                                  value="weeks"
                                >
                                  weeks
                                </option>
                              </select>
                            </div>
                          </div>
                          <div
                            class="form-check"
                          >
                            <input
                              class="form-check-input"
                              disabled=""
                              id="update-frequency-select-modal-is-email-updates-checkbox"
                              name="isEmailUpdates"
                              type="checkbox"
                            />
                            <label
                              class="form-check-label"
                              for="update-frequency-select-modal-is-email-updates-checkbox"
                            >
                              Email me when data changes
                            </label>
                          </div>
                        </div>
                      </div>
                      <div
                        class="big-radio big-radio-auto-update-false big-radio-checked"
                      >
                        <label>
                          <input
                            checked=""
                            name="isAutoUpdate"
                            type="radio"
                            value="false"
                          />
                          <div
                            class="radio"
                          >
                            Manual
                          </div>
                        </label>
                        <div
                          class="big-radio-details"
                        >
                          <p>
                            Check for new data manually.
                          </p>
                        </div>
                      </div>
                    </form>
                  </div>
                  <div
                    class="modal-footer"
                  >
                    <button
                      class="action-button button-gray"
                      form="updateFrequencySelectModalForm"
                      type="reset"
                    >
                      Cancel
                    </button>
                    <button
                      class="action-button button-blue"
                      form="updateFrequencySelectModalForm"
                      type="submit"
                    >
                      Apply
                    </button>
                  </div>
                </div>
              </div>
            </div>
          </body>
        }
      >
        <div
          className="modal-backdrop"
        />
        <div
          className="modal update-frequency-modal"
          onKeyDown={[Function]}
          onMouseDown={[Function]}
          role="dialog"
          tabIndex="-1"
        >
          <div
            className="modal-dialog"
            role="document"
          >
            <div
              className="modal-content"
            >
              <ModalHeader>
                <div
                  className="modal-header"
                >
                  <h5
                    className="modal-title"
                  >
                    WORKFLOW UPDATE
                  </h5>
                  <button
                    aria-label="Close"
                    className="close"
                    onClick={[MockFunction]}
                    type="button"
                  >
                    <span
                      aria-hidden="true"
                    >
                      ×
                    </span>
                  </button>
                </div>
              </ModalHeader>
              <ModalBody>
                <div
                  className="modal-body"
                >
                  <form
                    action="#"
                    id="updateFrequencySelectModalForm"
                    method="post"
                    onReset={[MockFunction]}
                    onSubmit={[Function]}
                  >
                    <div
                      className="big-radio big-radio-auto-update-true big-radio-unchecked"
                    >
                      <label>
                        <input
                          checked={false}
                          name="isAutoUpdate"
                          onChange={[Function]}
                          type="radio"
                          value="true"
                        />
                        <div
                          className="radio"
                        >
                          Auto
                        </div>
                      </label>
                      <div
                        className="big-radio-details"
                      >
                        <p>
                          Automatically update this workflow with the newest data (old versions will be saved).
                        </p>
                        <div
                          className="form-group frequency"
                        >
                          <label
                            htmlFor="updateFrequencySelectTimeNumber"
                          >
                            Check for update every
                          </label>
                          <div
                            className="input-group"
                          >
                            <div
                              className="input-group-prepend"
                            >
                              <input
                                className="form-control"
                                disabled={true}
                                id="updateFrequencySelectTimeNumber"
                                max="60"
                                min="1"
                                name="timeNumber"
                                onChange={[Function]}
                                type="number"
                                value={1}
                              />
                            </div>
                            <select
                              className="custom-select"
                              disabled={true}
                              name="timeUnit"
                              onChange={[Function]}
                              value="days"
                            >
                              <option
                                value="minutes"
                              >
                                minutes
                              </option>
                              <option
                                value="hours"
                              >
                                hours
                              </option>
                              <option
                                value="days"
                              >
                                days
                              </option>
                              <option
                                value="weeks"
                              >
                                weeks
                              </option>
                            </select>
                          </div>
                        </div>
                        <div
                          className="form-check"
                        >
                          <input
                            checked={false}
                            className="form-check-input"
                            disabled={true}
                            id="update-frequency-select-modal-is-email-updates-checkbox"
                            name="isEmailUpdates"
                            onChange={[Function]}
                            type="checkbox"
                          />
                          <label
                            className="form-check-label"
                            htmlFor="update-frequency-select-modal-is-email-updates-checkbox"
                          >
                            Email me when data changes
                          </label>
                        </div>
                      </div>
                    </div>
                    <div
                      className="big-radio big-radio-auto-update-false big-radio-checked"
                    >
                      <label>
                        <input
                          checked={true}
                          name="isAutoUpdate"
                          onChange={[Function]}
                          type="radio"
                          value="false"
                        />
                        <div
                          className="radio"
                        >
                          Manual
                        </div>
                      </label>
                      <div
                        className="big-radio-details"
                      >
                        <p>
                          Check for new data manually.
                        </p>
                      </div>
                    </div>
                  </form>
                </div>
              </ModalBody>
              <ModalFooter>
                <div
                  className="modal-footer"
                >
                  <button
                    className="action-button button-gray"
                    form="updateFrequencySelectModalForm"
                    type="reset"
                  >
                    Cancel
                  </button>
                  <button
                    className="action-button button-blue"
                    form="updateFrequencySelectModalForm"
                    type="submit"
                  >
                    Apply
                  </button>
                </div>
              </ModalFooter>
            </div>
          </div>
        </div>
      </Portal>
    </OpenModal>
  </Modal>
</UpdateFrequencySelectModal>
`;
