// Jest Snapshot v1, https://goo.gl/fbAQLP

exports[`UpdateFrequencySelectModal should match snapshot 1`] = `
<UpdateFrequencySelectModal
  fetchInterval={3600}
  isAutofetch={false}
  isEmailUpdates={false}
  onClose={[MockFunction]}
  setEmailUpdates={[MockFunction]}
  trySetAutofetch={[MockFunction]}
  wfModuleId={234}
  workflowId={123}
>
  <Modal
    className="update-frequency-modal"
    isOpen={true}
    toggle={[MockFunction]}
  >
    <OpenModal
      className="update-frequency-modal"
      toggle={[MockFunction]}
    >
      <Portal
        containerInfo={
          <body
            class="modal-open"
          >
            <div
              class="modal-backdrop"
            />
            <div
              class="modal update-frequency-modal"
              role="dialog"
              tabindex="-1"
            >
              <div
                class="modal-dialog"
                role="document"
              >
                <div
                  class="modal-content"
                >
                  <div
                    class="modal-header"
                  >
                    <h5
                      class="modal-title"
                    >
                      updatefrequencyselect.worklfowupdate
                    </h5>
                    <button
                      aria-label="Close"
                      class="close"
                      type="button"
                    >
                      <span
                        aria-hidden="true"
                      >
                        ×
                      </span>
                    </button>
                  </div>
                  <div
                    class="modal-body"
                  >
                    <form
                      action="#"
                      class="autofetch"
                      method="post"
                    >
                      <fieldset
                        class="autofetch"
                      >
                        <div
                          class="big-radio big-radio-auto-update-true big-radio-unchecked"
                        >
                          <label>
                            <input
                              name="isAutofetch"
                              type="radio"
                              value="true"
                            />
                            <div
                              class="radio"
                            >
                              Auto
                            </div>
                          </label>
                          <div
                            class="big-radio-details"
                          >
                            <p>
                              updatefrequency.automaticallyupdate
                            </p>
                            <label
                              for="updateFrequencySelectTimeUnitCount"
                            >
                              updatefrequency.checkupdates
                            </label>
                            <fieldset
                              class="fetch-interval"
                              disabled=""
                            >
                              <div
                                class="input-group"
                              >
                                <div
                                  class="input-group-prepend"
                                >
                                  <input
                                    class="form-control"
                                    id="updateFrequencySelectTimeUnitCount"
                                    min="1"
                                    name="timeUnitCount"
                                    type="number"
                                    value="1"
                                  />
                                </div>
                                <select
                                  class="custom-select"
                                  name="timeUnit"
                                >
                                  <option
                                    value="weeks"
                                  >
                                    [object Object]
                                  </option>
                                  <option
                                    value="days"
                                  >
                                    [object Object]
                                  </option>
                                  <option
                                    value="hours"
                                  >
                                    [object Object]
                                  </option>
                                  <option
                                    value="minutes"
                                  >
                                    [object Object]
                                  </option>
                                  <option
                                    value="seconds"
                                  >
                                    [object Object]
                                  </option>
                                </select>
                                <div
                                  class="input-group-append"
                                >
                                  <button
                                    class="form-control"
                                    name="apply"
                                    type="submit"
                                  >
                                    updatefrequency.apply
                                  </button>
                                </div>
                              </div>
                            </fieldset>
                          </div>
                        </div>
                        <div
                          class="big-radio big-radio-auto-update-false big-radio-checked"
                        >
                          <label>
                            <input
                              checked=""
                              name="isAutofetch"
                              type="radio"
                              value="false"
                            />
                            <div
                              class="radio"
                            >
                              updatefrequency.manual
                            </div>
                          </label>
                          <div
                            class="big-radio-details"
                          >
                            <p>
                              updatefrequency.checkmanually
                            </p>
                          </div>
                        </div>
                      </fieldset>
                    </form>
                    <div
                      class="email-updates"
                    >
                      <input
                        id="update-frequency-select-modal-is-email-updates-checkbox"
                        name="isEmailUpdates"
                        type="checkbox"
                      />
                      <label
                        for="update-frequency-select-modal-is-email-updates-checkbox"
                      >
                        updatefrequency.email
                      </label>
                    </div>
                  </div>
                  <div
                    class="modal-footer"
                  >
                    <button
                      class="close"
                      title="Close"
                      type="button"
                    >
                      close.updatefrequency
                    </button>
                  </div>
                </div>
              </div>
            </div>
          </body>
        }
      >
        <div
          className="modal-backdrop"
        />
        <div
          className="modal update-frequency-modal"
          onKeyDown={[Function]}
          onMouseDown={[Function]}
          role="dialog"
          tabIndex="-1"
        >
          <div
            className="modal-dialog"
            role="document"
          >
            <div
              className="modal-content"
            >
              <ModalHeader>
                <div
                  className="modal-header"
                >
                  <h5
                    className="modal-title"
                  >
                    <WithI18n
                      defaults="WORKFLOW UPDATE"
                      id="updatefrequencyselect.worklfowupdate"
                    >
                      <I18n
                        update={true}
                        withHash={true}
                      >
                        <Trans
                          defaults="WORKFLOW UPDATE"
                          id="updatefrequencyselect.worklfowupdate"
                        >
                          <Render
                            value="updatefrequencyselect.worklfowupdate"
                          >
                            updatefrequencyselect.worklfowupdate
                          </Render>
                        </Trans>
                      </I18n>
                    </WithI18n>
                  </h5>
                  <button
                    aria-label="Close"
                    className="close"
                    onClick={[MockFunction]}
                    type="button"
                  >
                    <span
                      aria-hidden="true"
                    >
                      ×
                    </span>
                  </button>
                </div>
              </ModalHeader>
              <ModalBody>
                <div
                  className="modal-body"
                >
                  <form
                    action="#"
                    className="autofetch"
                    method="post"
                    onSubmit={[Function]}
                  >
                    <fieldset
                      className="autofetch"
                      disabled={false}
                    >
                      <div
                        className="big-radio big-radio-auto-update-true big-radio-unchecked"
                      >
                        <label>
                          <input
                            checked={false}
                            name="isAutofetch"
                            onChange={[Function]}
                            type="radio"
                            value="true"
                          />
                          <div
                            className="radio"
                          >
                            Auto
                          </div>
                        </label>
                        <div
                          className="big-radio-details"
                        >
                          <p>
                            <WithI18n
                              defaults="Automatically update this workflow with the newest data (old versions will be saved)."
                              id="updatefrequency.automaticallyupdate"
                            >
                              <I18n
                                update={true}
                                withHash={true}
                              >
                                <Trans
                                  defaults="Automatically update this workflow with the newest data (old versions will be saved)."
                                  id="updatefrequency.automaticallyupdate"
                                >
                                  <Render
                                    value="updatefrequency.automaticallyupdate"
                                  >
                                    updatefrequency.automaticallyupdate
                                  </Render>
                                </Trans>
                              </I18n>
                            </WithI18n>
                          </p>
                          <label
                            htmlFor="updateFrequencySelectTimeUnitCount"
                          >
                            <WithI18n
                              defaults="Check for update every"
                              id="updatefrequency.checkupdates"
                            >
                              <I18n
                                update={true}
                                withHash={true}
                              >
                                <Trans
                                  defaults="Check for update every"
                                  id="updatefrequency.checkupdates"
                                >
                                  <Render
                                    value="updatefrequency.checkupdates"
                                  >
                                    updatefrequency.checkupdates
                                  </Render>
                                </Trans>
                              </I18n>
                            </WithI18n>
                          </label>
                          <fieldset
                            className="fetch-interval"
                            disabled={true}
                          >
                            <div
                              className="input-group"
                            >
                              <div
                                className="input-group-prepend"
                              >
                                <input
                                  className="form-control"
                                  id="updateFrequencySelectTimeUnitCount"
                                  min="1"
                                  name="timeUnitCount"
                                  onChange={[Function]}
                                  type="number"
                                  value="1"
                                />
                              </div>
                              <select
                                className="custom-select"
                                name="timeUnit"
                                onChange={[Function]}
                                value="hours"
                              >
                                <option
                                  value="weeks"
                                >
                                  <WithI18n
                                    defaults="weeks"
                                    id="weeks.updatefrequency"
                                  />
                                </option>
                                <option
                                  value="days"
                                >
                                  <WithI18n
                                    defaults="days"
                                    id="days.updatefrequency"
                                  />
                                </option>
                                <option
                                  value="hours"
                                >
                                  <WithI18n
                                    defaults="hours"
                                    id="hours.updatefrequency"
                                  />
                                </option>
                                <option
                                  value="minutes"
                                >
                                  <WithI18n
                                    defaults="minutes"
                                    id="minutes.updatefrequency"
                                  />
                                </option>
                                <option
                                  value="seconds"
                                >
                                  <WithI18n
                                    defaults="seconds"
                                    id="seconds.updatefrequency"
                                  />
                                </option>
                              </select>
                              <div
                                className="input-group-append"
                              >
                                <button
                                  className="form-control"
                                  disabled={false}
                                  name="apply"
                                  type="submit"
                                >
                                  <WithI18n
                                    defaults="Apply"
                                    id="updatefrequency.apply"
                                  >
                                    <I18n
                                      update={true}
                                      withHash={true}
                                    >
                                      <Trans
                                        defaults="Apply"
                                        id="updatefrequency.apply"
                                      >
                                        <Render
                                          value="updatefrequency.apply"
                                        >
                                          updatefrequency.apply
                                        </Render>
                                      </Trans>
                                    </I18n>
                                  </WithI18n>
                                </button>
                              </div>
                            </div>
                          </fieldset>
                        </div>
                      </div>
                      <div
                        className="big-radio big-radio-auto-update-false big-radio-checked"
                      >
                        <label>
                          <input
                            checked={true}
                            name="isAutofetch"
                            onChange={[Function]}
                            type="radio"
                            value="false"
                          />
                          <div
                            className="radio"
                          >
                            <WithI18n
                              defaults="Manual"
                              id="updatefrequency.manual"
                            >
                              <I18n
                                update={true}
                                withHash={true}
                              >
                                <Trans
                                  defaults="Manual"
                                  id="updatefrequency.manual"
                                >
                                  <Render
                                    value="updatefrequency.manual"
                                  >
                                    updatefrequency.manual
                                  </Render>
                                </Trans>
                              </I18n>
                            </WithI18n>
                          </div>
                        </label>
                        <div
                          className="big-radio-details"
                        >
                          <p>
                            <WithI18n
                              defaults="Check for new data manually."
                              id="updatefrequency.checkmanually"
                            >
                              <I18n
                                update={true}
                                withHash={true}
                              >
                                <Trans
                                  defaults="Check for new data manually."
                                  id="updatefrequency.checkmanually"
                                >
                                  <Render
                                    value="updatefrequency.checkmanually"
                                  >
                                    updatefrequency.checkmanually
                                  </Render>
                                </Trans>
                              </I18n>
                            </WithI18n>
                          </p>
                        </div>
                      </div>
                    </fieldset>
                  </form>
                  <div
                    className="email-updates"
                  >
                    <input
                      checked={false}
                      id="update-frequency-select-modal-is-email-updates-checkbox"
                      name="isEmailUpdates"
                      onChange={[Function]}
                      type="checkbox"
                    />
                    <label
                      htmlFor="update-frequency-select-modal-is-email-updates-checkbox"
                    >
                      <WithI18n
                        defaults="Email me when data changes"
                        id="updatefrequency.email"
                      >
                        <I18n
                          update={true}
                          withHash={true}
                        >
                          <Trans
                            defaults="Email me when data changes"
                            id="updatefrequency.email"
                          >
                            <Render
                              value="updatefrequency.email"
                            >
                              updatefrequency.email
                            </Render>
                          </Trans>
                        </I18n>
                      </WithI18n>
                    </label>
                  </div>
                </div>
              </ModalBody>
              <ModalFooter>
                <div
                  className="modal-footer"
                >
                  <button
                    className="close"
                    onClick={[MockFunction]}
                    title="Close"
                    type="button"
                  >
                    <WithI18n
                      defaults="Close"
                      id="close.updatefrequency"
                    >
                      <I18n
                        update={true}
                        withHash={true}
                      >
                        <Trans
                          defaults="Close"
                          id="close.updatefrequency"
                        >
                          <Render
                            value="close.updatefrequency"
                          >
                            close.updatefrequency
                          </Render>
                        </Trans>
                      </I18n>
                    </WithI18n>
                  </button>
                </div>
              </ModalFooter>
            </div>
          </div>
        </div>
      </Portal>
    </OpenModal>
  </Modal>
</UpdateFrequencySelectModal>
`;
