// Jest Snapshot v1, https://goo.gl/fbAQLP

exports[`ChartSeriesMultiSelect should match snapshot 1`] = `
<ChartSeriesMultiSelect
  fetchInputColumns={
    [MockFunction] {
      "calls": Array [
        Array [],
      ],
    }
  }
  onChange={[MockFunction]}
  series={
    Array [
      Object {
        "color": "#aaaaaa",
        "column": "A",
      },
      Object {
        "color": "#bbbbbb",
        "column": "B",
      },
    ]
  }
  workflowRevision={1}
>
  <ChartSeriesSelect
    availableColumns={
      Array [
        "A",
        "B",
        "C",
      ]
    }
    color="#aaaaaa"
    column="A"
    index={0}
    key="0"
    onChange={[Function]}
  >
    <InputGroup
      className="chart-series-select"
      size="lg"
      tag="div"
    >
      <div
        className="chart-series-select input-group input-group-lg"
      >
        <InputGroupAddon
          addonType="prepend"
          tag="div"
        >
          <div
            className="input-group-prepend"
          >
            <Button
              className="color-picker button color"
              color="secondary"
              onClick={[Function]}
              style={
                Object {
                  "background": "#aaaaaa",
                }
              }
              tag="button"
              title="Pick color"
            >
              <button
                className="color-picker button color btn btn-secondary"
                onClick={[Function]}
                style={
                  Object {
                    "background": "#aaaaaa",
                  }
                }
                title="Pick color"
                type="button"
              >
                <i
                  className="color-picker"
                />
              </button>
            </Button>
          </div>
        </InputGroupAddon>
        <select
          className="form-control"
          name="column"
          onChange={[Function]}
          value="A"
        >
          <option
            key="A"
          >
            A
          </option>
          <option
            key="B"
          >
            B
          </option>
          <option
            key="C"
          >
            C
          </option>
        </select>
      </div>
    </InputGroup>
  </ChartSeriesSelect>
  <ChartSeriesSelect
    availableColumns={
      Array [
        "A",
        "B",
        "C",
      ]
    }
    color="#bbbbbb"
    column="B"
    index={1}
    key="1"
    onChange={[Function]}
  >
    <InputGroup
      className="chart-series-select"
      size="lg"
      tag="div"
    >
      <div
        className="chart-series-select input-group input-group-lg"
      >
        <InputGroupAddon
          addonType="prepend"
          tag="div"
        >
          <div
            className="input-group-prepend"
          >
            <Button
              className="color-picker button color"
              color="secondary"
              onClick={[Function]}
              style={
                Object {
                  "background": "#bbbbbb",
                }
              }
              tag="button"
              title="Pick color"
            >
              <button
                className="color-picker button color btn btn-secondary"
                onClick={[Function]}
                style={
                  Object {
                    "background": "#bbbbbb",
                  }
                }
                title="Pick color"
                type="button"
              >
                <i
                  className="color-picker"
                />
              </button>
            </Button>
          </div>
        </InputGroupAddon>
        <select
          className="form-control"
          name="column"
          onChange={[Function]}
          value="B"
        >
          <option
            key="A"
          >
            A
          </option>
          <option
            key="B"
          >
            B
          </option>
          <option
            key="C"
          >
            C
          </option>
        </select>
      </div>
    </InputGroup>
  </ChartSeriesSelect>
  <ChartSeriesSelect
    availableColumns={
      Array [
        "A",
        "B",
        "C",
      ]
    }
    color={null}
    column={null}
    index={2}
    key="2"
    onChange={[Function]}
  >
    <InputGroup
      className="chart-series-select"
      size="lg"
      tag="div"
    >
      <div
        className="chart-series-select input-group input-group-lg"
      >
        <InputGroupAddon
          addonType="prepend"
          tag="div"
        >
          <div
            className="input-group-prepend"
          >
            <Button
              className="color-picker button color"
              color="secondary"
              onClick={[Function]}
              style={
                Object {
                  "background": "#48C8D7",
                }
              }
              tag="button"
              title="Pick color"
            >
              <button
                className="color-picker button color btn btn-secondary"
                onClick={[Function]}
                style={
                  Object {
                    "background": "#48C8D7",
                  }
                }
                title="Pick color"
                type="button"
              >
                <i
                  className="color-picker"
                />
              </button>
            </Button>
          </div>
        </InputGroupAddon>
        <select
          className="form-control"
          name="column"
          onChange={[Function]}
          value=""
        >
          <option
            key="A"
          >
            A
          </option>
          <option
            key="B"
          >
            B
          </option>
          <option
            key="C"
          >
            C
          </option>
        </select>
      </div>
    </InputGroup>
  </ChartSeriesSelect>
</ChartSeriesMultiSelect>
`;
