// Jest Snapshot v1, https://goo.gl/fbAQLP

exports[`ColumnParam matches snapshot 1`] = `
<FetchingColumnParam
  fetchInputColumns={
    [MockFunction] {
      "calls": Array [
        Array [],
      ],
    }
  }
  isReadOnly={false}
  name="col"
  onChange={[MockFunction]}
  prompt="SelectACol"
  value={null}
  workflowRevision={1}
>
  <ColumnParam
    allColumns={
      Array [
        "A",
        "B",
        "C",
      ]
    }
    allColumnsFetchError={null}
    isReadOnly={false}
    name="col"
    onChange={[MockFunction]}
    prompt="SelectACol"
    value={null}
  >
    <select
      className="custom-select module-parameter dropdown-selector"
      disabled={false}
      name="col"
      onChange={[Function]}
      value=""
    >
      <option
        className="prompt"
        disabled={true}
        key="prompt"
        value=""
      >
        SelectACol
      </option>
      <option
        key="A"
      >
        A
      </option>
      <option
        key="B"
      >
        B
      </option>
      <option
        key="C"
      >
        C
      </option>
    </select>
  </ColumnParam>
</FetchingColumnParam>
`;
