// Jest Snapshot v1, https://goo.gl/fbAQLP

exports[`ColumnParam matches snapshot 1`] = `
<ColumnParam
  allColumns={
    Array [
      Object {
        "name": "A",
      },
      Object {
        "name": "B",
      },
      Object {
        "name": "C",
      },
    ]
  }
  isReadOnly={false}
  name="col"
  onChange={[MockFunction]}
  prompt="SelectACol"
  value={null}
>
  <select
    className="custom-select module-parameter dropdown-selector"
    disabled={false}
    name="col"
    onChange={[Function]}
    value=""
  >
    <option
      className="prompt"
      disabled={true}
      key="prompt"
      value=""
    >
      SelectACol
    </option>
    <option
      key="A"
    >
      A
    </option>
    <option
      key="B"
    >
      B
    </option>
    <option
      key="C"
    >
      C
    </option>
  </select>
</ColumnParam>
`;
