// Jest Snapshot v1, https://goo.gl/fbAQLP

exports[`FileSelect Does not show anything if neither a user credential nor a file are present 1`] = `""`;

exports[`FileSelect Does not show the modal link if there is no user credential present 1`] = `
<div
  className="parameter-margin"
>
  <div
    className="parameter-margin d-flex gdrive-fileSelect align-items-center"
  >
    <div
      className="file-info content-3"
    >
      <div>
        <div
          className="d-flex"
        >
          <div
            className="t-d-gray content-3 label-margin"
          >
            File
          </div>
        </div>
        <div>
          <span
            className="t-d-gray content-3 mb-3"
          >
            Police Data
          </span>
        </div>
      </div>
    </div>
  </div>
</div>
`;
