// Jest Snapshot v1, https://goo.gl/fbAQLP

exports[`GoogleConnect matches snapshot 1`] = `
<GoogleConnect
  api={
    Object {
      "paramOauthDisconnect": [MockFunction],
    }
  }
  paramId={321}
  secretName="a secret"
>
  <div
    className="google-connect-parameter"
  >
    <p
      className="secret-name"
    >
      a secret
    </p>
    <button
      className="disconnect"
      onClick={[Function]}
    >
      Disconnect account
    </button>
  </div>
</GoogleConnect>
`;
