// Jest Snapshot v1, https://goo.gl/fbAQLP

exports[`MenuParam matches snapshot 1`] = `
<select
  className="custom-select"
  disabled={false}
  name="somename"
  onChange={[Function]}
  value={1}
>
  <option
    className="dropdown-menu-item t-d-gray content-1"
    key="0"
    value={0}
  >
    Apple
  </option>
  <option
    className="dropdown-menu-item t-d-gray content-1"
    key="1"
    value={1}
  >
    Kittens
  </option>
  <option
    className="dropdown-menu-item t-d-gray content-1"
    key="2"
    value={2}
  >
    Banana
  </option>
</select>
`;
