// Jest Snapshot v1, https://goo.gl/fbAQLP

exports[`UpdateFrequencySelect shallow matches snapshot 1`] = `
<div
  className="frequency-item"
>
  <div>
    <span
      className="content-3 t-d-gray"
    >
      Update 
    </span>
    <a
      className="content-3 ml-1 t-f-blue"
      href="#"
      onClick={[Function]}
      title="change auto-update settings"
    >
      manual
    </a>
  </div>
  <div
    className="content-4 t-m-gray"
  >
    Checked 
    <time
      time="2018-05-28T19:00:54.154Z"
    >
      12m ago
    </time>
  </div>
</div>
`;
