// Jest Snapshot v1, https://goo.gl/fbAQLP

exports[`ColumnContextMenu should match snapshot 1`] = `
<UncontrolledDropdown>
  <DropdownToggle
    aria-haspopup={true}
    className="context-button"
    color="secondary"
  >
    <i
      className="icon-more"
    />
  </DropdownToggle>
  <Portal>
    <DropdownMenu
      flip={false}
      modifiers={
        Object {
          "preventOverflow": Object {
            "enabled": false,
          },
        }
      }
      persist={true}
      tag="div"
    >
      <DropdownItem
        className="sort-ascending"
        onClick={[Function]}
        tag="button"
        toggle={true}
      >
        <i
          className="icon-sort-up"
        />
        <span>
          Sort ascending
        </span>
      </DropdownItem>
      <DropdownItem
        className="sort-descending"
        onClick={[Function]}
        tag="button"
        toggle={true}
      >
        <i
          className="icon-sort-down"
        />
        <span>
          Sort descending
        </span>
      </DropdownItem>
    </DropdownMenu>
  </Portal>
</UncontrolledDropdown>
`;
