// Jest Snapshot v1, https://goo.gl/fbAQLP

exports[`EditableNotes editable matches snapshot 1`] = `
<EditableNotes
  inputRef={
    Object {
      "current": <textarea
        name="notes"
        placeholder="placeholder"
      >
        This is the best module
      </textarea>,
    }
  }
  isReadOnly={false}
  onBlur={[MockFunction]}
  onCancel={[MockFunction]}
  onChange={[MockFunction]}
  placeholder="placeholder"
  value="This is the best module"
>
  <TextareaAutosize
    inputRef={
      Object {
        "current": <textarea
          name="notes"
          placeholder="placeholder"
        >
          This is the best module
        </textarea>,
      }
    }
    name="notes"
    onBlur={[MockFunction]}
    onChange={[MockFunction]}
    onKeyDown={[Function]}
    placeholder="placeholder"
    value="This is the best module"
  >
    <div
      className="editable-notes"
    >
      <textarea
        name="notes"
        onBlur={[MockFunction]}
        onChange={[MockFunction]}
        onKeyDown={[Function]}
        placeholder="placeholder"
        value="This is the best module"
      />
      <div
        className="invisible-size-setter"
      >
        This is the best module
      </div>
    </div>
  </TextareaAutosize>
</EditableNotes>
`;

exports[`EditableNotes read-only matches snapshot 1`] = `
<div
  className="editable-notes-read-only"
>
  This is the best module
</div>
`;
