// Jest Snapshot v1, https://goo.gl/fbAQLP

exports[`EditableNotes renders correctly 1`] = `
<EditableNotes
  editClass=""
  value="testing"
  wf_module_id={1}
>
  <div>
    <RIETextArea
      change={[Function]}
      className=""
      cols={70}
      propName="value"
      rows={1}
      value="testing"
    >
      <span
        className=""
        onClick={[Function]}
        onFocus={[Function]}
        tabIndex="0"
      >
        <span>
          testing
        </span>
      </span>
    </RIETextArea>
  </div>
</EditableNotes>
`;
