// Jest Snapshot v1, https://goo.gl/fbAQLP

exports[`EditableNotes renders correctly 1`] = `
<EditableNotes
  editClass=""
  value="testing"
  wf_module_id={1}
>
  <div
    className="m-6"
    onKeyPress={[Function]}
  >
    <RIETextArea
      change={[Function]}
      classEditing="editable-notes-field-active t-d-gray note m-4"
      className=""
      propName="value"
      rows={1}
      value="testing"
    >
      <span
        className=""
        onClick={[Function]}
        onFocus={[Function]}
        tabIndex="0"
      >
        <span>
          testing
        </span>
      </span>
    </RIETextArea>
  </div>
</EditableNotes>
`;
