// Jest Snapshot v1, https://goo.gl/fbAQLP

exports[`EditableWorkflowName NOT Read-only Renders a title that can be edited and saved 1`] = `
<EditableWorkflowName
  api={
    Object {
      "setWfName": [Function],
    }
  }
  isReadOnly={false}
  value="Test Title"
  wfId={808}
>
  <div
    className="editable-name-container"
    onClick={[Function]}
  >
    <input
      className="editable-title-field"
      onBlur={[Function]}
      onChange={[Function]}
      onKeyPress={[Function]}
      type="text"
      value="Test Title"
    />
  </div>
</EditableWorkflowName>
`;

exports[`EditableWorkflowName Read-only Renders plain title 1`] = `
<div
  className="editable-name-container"
  onClick={[Function]}
>
  <span
    className="editable-title-field"
  >
    Test Title
  </span>
</div>
`;
