// Jest Snapshot v1, https://goo.gl/fbAQLP

exports[`Embed Unavailable workflow Renders the embed widget with the correct information 1`] = `
<Embed
  step={null}
  workflow={null}
>
  <NotAvailable>
    <p
      className="not-available"
    >
      <Trans
        components={Object {}}
        id="js.Embed.workflowNotAvailable.title"
        message="This workflow is not available"
        values={Object {}}
      >
        This workflow is not available
      </Trans>
    </p>
    <footer>
      <Logo>
        <a
          className="logo"
          href="https://workbenchdata.com"
          rel="noopener noreferrer"
          target="_blank"
        >
          <img
            alt="Workbench"
            src="undefinedimages/logo.png"
            width="35"
          />
        </a>
      </Logo>
      <div
        className="embed-footer-meta"
      >
        <h1>
          <Trans
            components={Object {}}
            id="js.Embed.workflowNotAvailable.footer.logo"
            message="Workbench"
            values={Object {}}
          >
            Workbench
          </Trans>
        </h1>
      </div>
    </footer>
  </NotAvailable>
</Embed>
`;
