// Jest Snapshot v1, https://goo.gl/fbAQLP

exports[`ExportModal should match snapshot 1`] = `
<ExportModal
  className="menu-test-class"
  i18n={
    Object {
      "_": [Function],
      "_activeLanguageData": Object {
        "plurals": [Function],
      },
      "_activeMessages": Object {},
      "_catalogs": Object {
        "en": Object {
          "languageData": Object {},
          "messages": Object {},
        },
      },
      "_dev": Object {
        "compile": [Function],
        "loadLanguageData": [Function],
      },
      "_language": "en",
      "_locales": undefined,
      "_missing": undefined,
      "plural": [Function],
      "select": [Function],
      "selectOrdinal": [Function],
      "t": [Function],
    }
  }
  open={true}
  toggle={[MockFunction]}
  wfModuleId={415}
>
  <Modal
    className="menu-test-class"
    isOpen={true}
    toggle={[MockFunction]}
  >
    <OpenModal
      className="menu-test-class"
      toggle={[MockFunction]}
    >
      <Portal
        containerInfo={
          <body
            class="modal-open"
          >
            <div
              class="modal-backdrop"
            />
            <div
              class="modal menu-test-class"
              role="dialog"
              tabindex="-1"
            >
              <div
                class="modal-dialog"
                role="document"
              >
                <div
                  class="modal-content"
                >
                  <div
                    class="modal-header"
                  >
                    <h5
                      class="modal-title"
                    >
                      js.ExportModal.header.title
                    </h5>
                    <button
                      aria-label="Close"
                      class="close"
                      type="button"
                    >
                      <span
                        aria-hidden="true"
                      >
                        ×
                      </span>
                    </button>
                  </div>
                  <div
                    class="modal-body"
                  >
                    <div
                      class="d-flex justify-content-between flex-row"
                    >
                      <div
                        class="dl-file"
                      >
                        js.ExportModal.type.CSV
                      </div>
                      <div
                        class="clipboard test-csv-copy"
                      >
                        js.ExportModal.csvCopyLink.copyLiveLink
                      </div>
                    </div>
                    <div
                      class="d-flex justify-content-between flex-row mb-3"
                    >
                      <input
                        class="url-link test-csv-field"
                        readonly=""
                        type="url"
                        value="http://localhost/public/moduledata/live/415.csv"
                      />
                      <div
                        class="download-icon-box"
                      >
                        <a
                          class="icon-download t-d-gray button-icon test-csv-download"
                          download=""
                          href="http://localhost/public/moduledata/live/415.csv"
                        />
                      </div>
                    </div>
                    <div
                      class="d-flex justify-content-between flex-row"
                    >
                      <div
                        class="dl-file"
                      >
                        js.ExportModal.type.JSON
                      </div>
                      <div
                        class="clipboard test-json-copy"
                      >
                        js.ExportModal.jsonCopyLink.copyLiveLink
                      </div>
                    </div>
                    <div
                      class="d-flex justify-content-between flex-row"
                    >
                      <input
                        class="url-link test-json-field"
                        readonly=""
                        type="url"
                        value="http://localhost/public/moduledata/live/415.json"
                      />
                      <div
                        class="download-icon-box"
                      >
                        <a
                          class="icon-download t-d-gray button-icon test-json-download"
                          download=""
                          href="http://localhost/public/moduledata/live/415.json"
                        />
                      </div>
                    </div>
                  </div>
                  <div
                    class="modal-footer"
                  >
                    <button
                      class="button-blue action-button test-done-button"
                      type="button"
                    >
                      js.ExportModal.footer.doneButton
                    </button>
                  </div>
                </div>
              </div>
            </div>
          </body>
        }
      >
        <div
          className="modal-backdrop"
        />
        <div
          className="modal menu-test-class"
          onKeyDown={[Function]}
          onMouseDown={[Function]}
          role="dialog"
          tabIndex="-1"
        >
          <div
            className="modal-dialog"
            role="document"
          >
            <div
              className="modal-content"
            >
              <ModalHeader>
                <div
                  className="modal-header"
                >
                  <h5
                    className="modal-title"
                  >
                    <WithI18n
                      defaults="EXPORT DATA"
                      description="This should be all-caps for styling reasons"
                      id="js.ExportModal.header.title"
                    >
                      <I18n
                        update={true}
                        withHash={true}
                      >
                        <Trans
                          defaults="EXPORT DATA"
                          description="This should be all-caps for styling reasons"
                          i18n={
                            Object {
                              "_": [Function],
                              "_activeLanguageData": Object {
                                "plurals": [Function],
                              },
                              "_activeMessages": Object {},
                              "_catalogs": Object {
                                "en": Object {
                                  "languageData": Object {},
                                  "messages": Object {},
                                },
                              },
                              "_dev": Object {
                                "compile": [Function],
                                "loadLanguageData": [Function],
                              },
                              "_language": "en",
                              "_locales": undefined,
                              "_missing": undefined,
                              "plural": [Function],
                              "select": [Function],
                              "selectOrdinal": [Function],
                              "t": [Function],
                            }
                          }
                          id="js.ExportModal.header.title"
                        >
                          <Render
                            value="js.ExportModal.header.title"
                          >
                            js.ExportModal.header.title
                          </Render>
                        </Trans>
                      </I18n>
                    </WithI18n>
                  </h5>
                  <button
                    aria-label="Close"
                    className="close"
                    onClick={[MockFunction]}
                    type="button"
                  >
                    <span
                      aria-hidden="true"
                    >
                      ×
                    </span>
                  </button>
                </div>
              </ModalHeader>
              <ModalBody>
                <div
                  className="modal-body"
                >
                  <div
                    className="d-flex justify-content-between flex-row"
                  >
                    <div
                      className="dl-file"
                    >
                      <WithI18n
                        defaults="CSV"
                        description="This should be all-caps for styling reasons"
                        id="js.ExportModal.type.CSV"
                      >
                        <I18n
                          update={true}
                          withHash={true}
                        >
                          <Trans
                            defaults="CSV"
                            description="This should be all-caps for styling reasons"
                            i18n={
                              Object {
                                "_": [Function],
                                "_activeLanguageData": Object {
                                  "plurals": [Function],
                                },
                                "_activeMessages": Object {},
                                "_catalogs": Object {
                                  "en": Object {
                                    "languageData": Object {},
                                    "messages": Object {},
                                  },
                                },
                                "_dev": Object {
                                  "compile": [Function],
                                  "loadLanguageData": [Function],
                                },
                                "_language": "en",
                                "_locales": undefined,
                                "_missing": undefined,
                                "plural": [Function],
                                "select": [Function],
                                "selectOrdinal": [Function],
                                "t": [Function],
                              }
                            }
                            id="js.ExportModal.type.CSV"
                          >
                            <Render
                              value="js.ExportModal.type.CSV"
                            >
                              js.ExportModal.type.CSV
                            </Render>
                          </Trans>
                        </I18n>
                      </WithI18n>
                    </div>
                    <CopyToClipboard
                      className="clipboard test-csv-copy"
                      onCopy={[Function]}
                      text="http://localhost/public/moduledata/live/415.csv"
                    >
                      <div
                        className="clipboard test-csv-copy"
                        onClick={[Function]}
                      >
                        <WithI18n
                          defaults="COPY LIVE LINK"
                          description="This should be all-caps for styling reasons"
                          id="js.ExportModal.csvCopyLink.copyLiveLink"
                        >
                          <I18n
                            update={true}
                            withHash={true}
                          >
                            <Trans
                              defaults="COPY LIVE LINK"
                              description="This should be all-caps for styling reasons"
                              i18n={
                                Object {
                                  "_": [Function],
                                  "_activeLanguageData": Object {
                                    "plurals": [Function],
                                  },
                                  "_activeMessages": Object {},
                                  "_catalogs": Object {
                                    "en": Object {
                                      "languageData": Object {},
                                      "messages": Object {},
                                    },
                                  },
                                  "_dev": Object {
                                    "compile": [Function],
                                    "loadLanguageData": [Function],
                                  },
                                  "_language": "en",
                                  "_locales": undefined,
                                  "_missing": undefined,
                                  "plural": [Function],
                                  "select": [Function],
                                  "selectOrdinal": [Function],
                                  "t": [Function],
                                }
                              }
                              id="js.ExportModal.csvCopyLink.copyLiveLink"
                            >
                              <Render
                                value="js.ExportModal.csvCopyLink.copyLiveLink"
                              >
                                js.ExportModal.csvCopyLink.copyLiveLink
                              </Render>
                            </Trans>
                          </I18n>
                        </WithI18n>
                      </div>
                    </CopyToClipboard>
                  </div>
                  <div
                    className="d-flex justify-content-between flex-row mb-3"
                  >
                    <input
                      className="url-link test-csv-field"
                      readOnly={true}
                      type="url"
                      value="http://localhost/public/moduledata/live/415.csv"
                    />
                    <div
                      className="download-icon-box"
                    >
                      <a
                        className="icon-download t-d-gray button-icon test-csv-download"
                        download={true}
                        href="http://localhost/public/moduledata/live/415.csv"
                        onClick={[Function]}
                      />
                    </div>
                  </div>
                  <div
                    className="d-flex justify-content-between flex-row"
                  >
                    <div
                      className="dl-file"
                    >
                      <WithI18n
                        defaults="JSON FEED"
                        description="This should be all-caps for styling reasons"
                        id="js.ExportModal.type.JSON"
                      >
                        <I18n
                          update={true}
                          withHash={true}
                        >
                          <Trans
                            defaults="JSON FEED"
                            description="This should be all-caps for styling reasons"
                            i18n={
                              Object {
                                "_": [Function],
                                "_activeLanguageData": Object {
                                  "plurals": [Function],
                                },
                                "_activeMessages": Object {},
                                "_catalogs": Object {
                                  "en": Object {
                                    "languageData": Object {},
                                    "messages": Object {},
                                  },
                                },
                                "_dev": Object {
                                  "compile": [Function],
                                  "loadLanguageData": [Function],
                                },
                                "_language": "en",
                                "_locales": undefined,
                                "_missing": undefined,
                                "plural": [Function],
                                "select": [Function],
                                "selectOrdinal": [Function],
                                "t": [Function],
                              }
                            }
                            id="js.ExportModal.type.JSON"
                          >
                            <Render
                              value="js.ExportModal.type.JSON"
                            >
                              js.ExportModal.type.JSON
                            </Render>
                          </Trans>
                        </I18n>
                      </WithI18n>
                    </div>
                    <CopyToClipboard
                      className="clipboard test-json-copy"
                      onCopy={[Function]}
                      text="http://localhost/public/moduledata/live/415.json"
                    >
                      <div
                        className="clipboard test-json-copy"
                        onClick={[Function]}
                      >
                        <WithI18n
                          defaults="COPY LIVE LINK"
                          description="This should be all-caps for styling reasons"
                          id="js.ExportModal.jsonCopyLink.copyLiveLink"
                        >
                          <I18n
                            update={true}
                            withHash={true}
                          >
                            <Trans
                              defaults="COPY LIVE LINK"
                              description="This should be all-caps for styling reasons"
                              i18n={
                                Object {
                                  "_": [Function],
                                  "_activeLanguageData": Object {
                                    "plurals": [Function],
                                  },
                                  "_activeMessages": Object {},
                                  "_catalogs": Object {
                                    "en": Object {
                                      "languageData": Object {},
                                      "messages": Object {},
                                    },
                                  },
                                  "_dev": Object {
                                    "compile": [Function],
                                    "loadLanguageData": [Function],
                                  },
                                  "_language": "en",
                                  "_locales": undefined,
                                  "_missing": undefined,
                                  "plural": [Function],
                                  "select": [Function],
                                  "selectOrdinal": [Function],
                                  "t": [Function],
                                }
                              }
                              id="js.ExportModal.jsonCopyLink.copyLiveLink"
                            >
                              <Render
                                value="js.ExportModal.jsonCopyLink.copyLiveLink"
                              >
                                js.ExportModal.jsonCopyLink.copyLiveLink
                              </Render>
                            </Trans>
                          </I18n>
                        </WithI18n>
                      </div>
                    </CopyToClipboard>
                  </div>
                  <div
                    className="d-flex justify-content-between flex-row"
                  >
                    <input
                      className="url-link test-json-field"
                      readOnly={true}
                      type="url"
                      value="http://localhost/public/moduledata/live/415.json"
                    />
                    <div
                      className="download-icon-box"
                    >
                      <a
                        className="icon-download t-d-gray button-icon test-json-download"
                        download={true}
                        href="http://localhost/public/moduledata/live/415.json"
                        onClick={[Function]}
                      />
                    </div>
                  </div>
                </div>
              </ModalBody>
              <ModalFooter>
                <div
                  className="modal-footer"
                >
                  <button
                    className="button-blue action-button test-done-button"
                    onClick={[Function]}
                    type="button"
                  >
                    <WithI18n
                      defaults="Done"
                      id="js.ExportModal.footer.doneButton"
                    >
                      <I18n
                        update={true}
                        withHash={true}
                      >
                        <Trans
                          defaults="Done"
                          i18n={
                            Object {
                              "_": [Function],
                              "_activeLanguageData": Object {
                                "plurals": [Function],
                              },
                              "_activeMessages": Object {},
                              "_catalogs": Object {
                                "en": Object {
                                  "languageData": Object {},
                                  "messages": Object {},
                                },
                              },
                              "_dev": Object {
                                "compile": [Function],
                                "loadLanguageData": [Function],
                              },
                              "_language": "en",
                              "_locales": undefined,
                              "_missing": undefined,
                              "plural": [Function],
                              "select": [Function],
                              "selectOrdinal": [Function],
                              "t": [Function],
                            }
                          }
                          id="js.ExportModal.footer.doneButton"
                        >
                          <Render
                            value="js.ExportModal.footer.doneButton"
                          >
                            js.ExportModal.footer.doneButton
                          </Render>
                        </Trans>
                      </I18n>
                    </WithI18n>
                  </button>
                </div>
              </ModalFooter>
            </div>
          </div>
        </div>
      </Portal>
    </OpenModal>
  </Modal>
</ExportModal>
`;
