// Jest Snapshot v1, https://goo.gl/fbAQLP

exports[`renders correctly 1`] = `
<span
  className="ml-2"
>
  <Button
    className="icon-Calendar"
    color="secondary"
    onClick={[Function]}
    tag="button"
  />
  <Modal
    autoFocus={true}
    backdrop={true}
    backdropTransitionTimeout={150}
    fade={true}
    isOpen={false}
    keyboard={true}
    modalTransitionTimeout={300}
    toggle={[Function]}
    zIndex={1050}
  >
    <ModalHeader
      tag="h4"
      toggle={[Function]}
      wrapTag="div"
    >
      External Data Settings
    </ModalHeader>
    <ModalBody
      tag="div"
    >
      <FormGroup
        tag="div"
      >
        <Label
          for="exampleSelect"
          tag="label"
        >
          Which version?
        </Label>
        <Input
          className="mb-3"
          id="exampleSelect"
          name="select"
          tag="p"
          type="select"
        >
          <option>
            Most Recent
          </option>
          <option
            disabled="disabled"
            value=""
          >
            ──────────
          </option>
          <option>
            April 28 at 4:40PM 
          </option>
          <option>
            April 28 at 10:32AM 
          </option>
          <option>
            April 26 at 6:06PM
          </option>
          <option>
            April 12 at 2:51PM
          </option>
        </Input>
        <Label
          for="exampleSelect2"
          tag="label"
        >
          Update when?
        </Label>
        <Input
          id="exampleSelect2"
          name="select"
          tag="p"
          type="select"
        >
          <option>
            Manual only
          </option>
          <option
            disabled="disabled"
            value=""
          >
            ──────────
          </option>
          <option>
            Every minute
          </option>
          <option>
            Every five minutes
          </option>
          <option>
            Hourly
          </option>
          <option>
            Daily
          </option>
          <option>
            Weekly
          </option>
        </Input>
      </FormGroup>
    </ModalBody>
    <ModalFooter
      tag="div"
    >
      <Button
        color="primary"
        onClick={[Function]}
        tag="button"
      >
        Ok
      </Button>
       
      <Button
        color="secondary"
        onClick={[Function]}
        tag="button"
      >
        Cancel
      </Button>
    </ModalFooter>
  </Modal>
</span>
`;
