// Jest Snapshot v1, https://goo.gl/fbAQLP

exports[`WfContextMenu renders correctly 1`] = `
<div
  className="dropdown"
>
  <button
    aria-expanded={false}
    aria-haspopup="true"
    className="context-button btn btn-secondary"
    data-toggle="dropdown"
    onClick={[Function]}
    type="button"
  >
    <div
      className="button-icon icon-more"
    />
  </button>
  <div
    aria-hidden={true}
    className="dropdown-menu"
    role="menu"
    tabIndex="-1"
  >
    <button
      className="dropdown-menu-item dropdown-item"
      onClick={[Function]}
      tabIndex="0"
      type="button"
    >
      <span
        className="t-d-gray content-3 ml-3"
      >
        Delete
      </span>
    </button>
  </div>
</div>
`;
