// Jest Snapshot v1, https://goo.gl/fbAQLP

exports[`WfContextMenu renders correctly 1`] = `
<UncontrolledDropdown>
  <DropdownToggle
    aria-haspopup={true}
    className="context-button"
    color="secondary"
    data-toggle="dropdown"
  >
    <div
      className="menu-icon icon-more module-menu-icon"
    />
  </DropdownToggle>
  <DropdownMenu
    className="dropdown-menu"
    right={true}
    tag="div"
  >
    <DropdownItem
      className="dropdown-menu-item test-duplicate-button"
      tag="button"
      toggle={true}
    >
      <i
        className="icon-duplicate menu-icon"
      />
      <span
        className="t-d-gray content-3 ml-3"
      >
        Duplicate
      </span>
    </DropdownItem>
    <DropdownItem
      className="dropdown-menu-item test-delete-button"
      tag="button"
      toggle={true}
    >
      <i
        className="icon-bin menu-icon"
      />
      <span
        className="t-d-gray content-3 ml-3"
      >
        Delete
      </span>
    </DropdownItem>
  </DropdownMenu>
</UncontrolledDropdown>
`;
