// Jest Snapshot v1, https://goo.gl/fbAQLP

exports[`WfParameter Renders cell editor 1`] = `
<CellEditor
  edits=""
  onSave={[Function]}
/>
`;

exports[`WfParameter Renders string input field 1`] = `
<div
  className=""
>
  <div
    className="label-margin t-d-gray content-3"
  />
  <textarea
    className="parameter-base t-d-gray content-2 text-field"
    defaultValue="data.sfgov.org"
    onBlur={[Function]}
    onClick={[Function]}
    onKeyPress={[Function]}
    onMouseEnter={[Function]}
    onMouseLeave={[Function]}
    placeholder=""
    rows={1}
  />
</div>
`;
