// Jest Snapshot v1, https://goo.gl/fbAQLP

exports[`WorkflowMetadata renders correctly 1`] = `
<div
  className="mt-2"
>
  <ul
    className="list-inline list-workflow-meta content-3 t-white"
  >
    <li
      className="list-inline-item content-3 "
    >
      Updated 
      2 days ago
    </li>
    <li
      className="list-inline-item test-button content-3 "
      onClick={[Function]}
    >
      <u>
        public
      </u>
    </li>
  </ul>
</div>
`;

exports[`WorkflowMetadata renders correctly 2`] = `
<div
  className="mt-2"
>
  <ul
    className="list-inline list-workflow-meta content-3 t-white"
  >
    <li
      className="list-inline-item content-3 "
    >
      Updated 
      2 days ago
    </li>
    <li
      className="list-inline-item test-button content-3 "
      onClick={[Function]}
    >
      <u>
        public
      </u>
    </li>
  </ul>
  <Modal
    autoFocus={true}
    backdrop={true}
    backdropTransitionTimeout={150}
    fade={true}
    isOpen={true}
    keyboard={true}
    modalTransitionTimeout={300}
    toggle={[Function]}
    zIndex={1050}
  >
    <ModalHeader
      className="dialog-header"
      tag="h4"
      toggle={[Function]}
      wrapTag="div"
    >
      <span
        className="t-d-gray title-4"
      >
        Privacy Setting
      </span>
    </ModalHeader>
    <ModalBody
      className="dialog-body"
      tag="div"
    >
      <div
        className="row"
      >
        <div
          className="col-sm-4"
        >
          <div
            className="action-button button-full-blue"
            onClick={[Function]}
          >
            Public
          </div>
        </div>
        <div
          className="col-sm-8"
        >
          <p>
            Anyone can access and duplicate the workflow or any of its modules
          </p>
        </div>
      </div>
      <br />
      <div
        className="row"
      >
        <div
          className="col-sm-4"
        >
          <div
            className="action-button button-gray test-button-gray"
            onClick={[Function]}
          >
            Private
          </div>
        </div>
        <div
          className="col-sm-8"
        >
          <p>
            Only you can access and edit the workflow
          </p>
        </div>
      </div>
    </ModalBody>
  </Modal>
</div>
`;

exports[`WorkflowMetadata renders correctly 3`] = `
<div
  className="mt-2"
>
  <ul
    className="list-inline list-workflow-meta content-3 t-white"
  >
    <li
      className="list-inline-item content-3 "
    >
      Updated 
      2 days ago
    </li>
    <li
      className="list-inline-item test-button content-3 "
      onClick={[Function]}
    >
      <u>
        public
      </u>
    </li>
  </ul>
</div>
`;
