// Jest Snapshot v1, https://goo.gl/fbAQLP

exports[`WfModule, not read-only mode Renders and calls functions on componentDidMount and render 1`] = `
<WfModule
  api={
    Object {
      "onParamChanged": [Function],
      "postParamEvent": [Function],
    }
  }
  changeParam={[Function]}
  connectDragPreview={[Function]}
  connectDragSource={[Function]}
  connectDropTarget={[Function]}
  focusModule={[Function]}
  isReadOnly={false}
  removeModule={[Function]}
  revision={707}
  selected={true}
  startDrag={[Function]}
  stopDrag={[Function]}
  wfModule={
    Object {
      "id": 999,
      "module_version": Object {
        "module": Object {
          "id_name": "loadurl",
        },
      },
      "notes": Array [],
      "parameter_vals": Array [
        Object {
          "id": 100,
          "parameter_spec": Object {
            "id_name": "url",
            "type": "string",
          },
          "value": "http://some.URL.me",
        },
        Object {
          "id": 101,
          "parameter_spec": Object {
            "id_name": "version_select",
            "type": "custom",
          },
        },
      ],
    }
  }
/>
`;
