// Jest Snapshot v1, https://goo.gl/fbAQLP

exports[`WorkflowContextMenu renders correctly 1`] = `
<UncontrolledDropdown>
  <DropdownToggle
    aria-haspopup={true}
    className="context-button"
    color="secondary"
  >
    <i
      className="context-button--icon icon-more"
    />
  </DropdownToggle>
  <DropdownMenu
    flip={true}
    positionFixed={true}
    right={true}
    tag="div"
  >
    <DropdownItem
      className="test-duplicate-button"
      onClick={[MockFunction]}
      tag="button"
      toggle={true}
    >
      <i
        className="icon-duplicate"
      />
      <span>
        Duplicate
      </span>
    </DropdownItem>
    <DropdownItem
      className="test-delete-button"
      onClick={[MockFunction]}
      tag="button"
      toggle={true}
    >
      <i
        className="icon-bin"
      />
      <span>
        Delete
      </span>
    </DropdownItem>
  </DropdownMenu>
</UncontrolledDropdown>
`;
