// Jest Snapshot v1, https://goo.gl/fbAQLP

exports[`WorkflowContextMenu renders correctly 1`] = `
<WorkflowContextMenu
  deleteWorkflow={[MockFunction]}
  duplicateWorkflow={[MockFunction]}
  workflowId={3}
>
  <UncontrolledDropdown>
    <Dropdown
      isOpen={false}
      toggle={[Function]}
    >
      <div
        className="dropdown"
      >
        <DropdownToggle
          className="context-button"
        >
          <button
            aria-expanded={false}
            className="btn btn-secondary context-button"
            disabled={false}
            onClick={[Function]}
          >
            <i
              className="icon-more"
            />
          </button>
        </DropdownToggle>
        <DropdownMenu />
      </div>
    </Dropdown>
  </UncontrolledDropdown>
</WorkflowContextMenu>
`;
