// Jest Snapshot v1, https://goo.gl/fbAQLP

exports[`Table with a gap 1`] = `
<div>
  <div
    class="big-table"
  >
    <table>
      <colgroup>
        <col
          class="row-number"
        />
        <col
          style="width: 60px;"
        />
        <col
          style="width: 61px;"
        />
      </colgroup>
      <thead>
        <tr>
          <th
            class="row-number"
            scope="col"
          />
          <th
            scope="col"
          >
            HEADER A
          </th>
          <th
            scope="col"
          >
            HEADER B
          </th>
        </tr>
      </thead>
      <tbody
        tabindex="0"
      >
        <tr>
          <th>
            <label
              data-n-chars="1"
            >
              1
            </label>
          </th>
          <td
            class="type-number"
          >
            A: 
            A1
          </td>
          <td
            class="type-text"
          >
            B: 
            B1
          </td>
        </tr>
        <tr>
          <th>
            <label
              data-n-chars="1"
            >
              2
            </label>
          </th>
          <td
            class="type-number"
          >
            A: 
            A2
          </td>
          <td
            class="type-text"
          >
            B: 
            B2
          </td>
        </tr>
        <tr>
          <th>
            <label
              data-n-chars="1"
            >
              3
            </label>
          </th>
          <td
            class="type-number"
          >
            A: 
            A3
          </td>
          <td
            class="type-text"
          >
            B: 
            B3
          </td>
        </tr>
        <tr>
          <th>
            <label
              data-n-chars="1"
            >
              4
            </label>
          </th>
          <td
            class="type-number"
          >
            A: 
            NULL
          </td>
          <td
            class="type-text"
          >
            B: 
            NULL
          </td>
        </tr>
        <tr>
          <th>
            <label
              data-n-chars="1"
            >
              5
            </label>
          </th>
          <td
            class="type-number"
          >
            A: 
            NULL
          </td>
          <td
            class="type-text"
          >
            B: 
            NULL
          </td>
        </tr>
        <tr>
          <th>
            <label
              data-n-chars="1"
            >
              6
            </label>
          </th>
          <td
            class="type-number"
          >
            A: 
            NULL
          </td>
          <td
            class="type-text"
          >
            B: 
            NULL
          </td>
        </tr>
        <tr>
          <th>
            <label
              data-n-chars="1"
            >
              7
            </label>
          </th>
          <td
            class="type-number"
          >
            A: 
            NULL
          </td>
          <td
            class="type-text"
          >
            B: 
            NULL
          </td>
        </tr>
        <tr>
          <th>
            <label
              data-n-chars="1"
            >
              8
            </label>
          </th>
          <td
            class="type-number"
          >
            A: 
            NULL
          </td>
          <td
            class="type-text"
          >
            B: 
            NULL
          </td>
        </tr>
        <tr>
          <th>
            <label
              data-n-chars="1"
            >
              9
            </label>
          </th>
          <td
            class="type-number"
          >
            A: 
            NULL
          </td>
          <td
            class="type-text"
          >
            B: 
            NULL
          </td>
        </tr>
        <tr>
          <th>
            <label
              data-n-chars="2"
            >
              10
            </label>
          </th>
          <td
            class="type-number"
          >
            A: 
            A10
          </td>
          <td
            class="type-text"
          >
            B: 
            B10
          </td>
        </tr>
        <tr>
          <th>
            <label
              data-n-chars="2"
            >
              11
            </label>
          </th>
          <td
            class="type-number"
          >
            A: 
            A11
          </td>
          <td
            class="type-text"
          >
            B: 
            B11
          </td>
        </tr>
      </tbody>
    </table>
  </div>
</div>
`;
