// Jest Snapshot v1, https://goo.gl/fbAQLP

exports[`Table with a gap 1`] = `
<div>
  <table>
    <colgroup>
      <col
        class="row-number"
      />
      <col
        style="width: 60px;"
      />
      <col
        style="width: 61px;"
      />
    </colgroup>
    <thead>
      <tr>
        <th
          scope="col"
        />
        <th
          scope="col"
        >
          HEADER A
        </th>
        <th
          scope="col"
        >
          HEADER B
        </th>
      </tr>
    </thead>
    <tbody>
      <tr>
        <th>
          ROW: 
          0
        </th>
        <td>
          A: 
          A1
        </td>
        <td>
          B: 
          B1
        </td>
      </tr>
      <tr>
        <th>
          ROW: 
          1
        </th>
        <td>
          A: 
          A2
        </td>
        <td>
          B: 
          B2
        </td>
      </tr>
      <tr>
        <th>
          ROW: 
          2
        </th>
        <td>
          A: 
          A3
        </td>
        <td>
          B: 
          B3
        </td>
      </tr>
    </tbody>
    <tbody
      class="gap"
    >
      <tr>
        <td
          colspan="3"
          rowspan="6"
        />
      </tr>
    </tbody>
    <tbody>
      <tr>
        <th>
          ROW: 
          9
        </th>
        <td>
          A: 
          A10
        </td>
        <td>
          B: 
          B10
        </td>
      </tr>
      <tr>
        <th>
          ROW: 
          10
        </th>
        <td>
          A: 
          A11
        </td>
        <td>
          B: 
          B11
        </td>
      </tr>
    </tbody>
  </table>
</div>
`;
